---
source: crates/store/dl_redap_tests/src/tests/unregister_segment.rs
expression: filtered_chunk_info.format_snapshot(false)
---
┌──────────┬──────────────────┬─────────────────────┬───────────────────┬─────────────────┬────────────────────────┬───────────────────────────────────┐
│ chunk_id ┆ chunk_segment_id ┆ dalaran_segment_layer ┆ chunk_entity_path ┆ chunk_is_static ┆ dalaran_layer_direct_url ┆ dalaran_layer_direct_url_expires_at │
╞══════════╪══════════════════╪═════════════════════╪═══════════════════╪═════════════════╪════════════════════════╪═══════════════════════════════════╡
└──────────┴──────────────────┴─────────────────────┴───────────────────┴─────────────────┴────────────────────────┴───────────────────────────────────┘
