---
source: crates/store/dl_redap_tests/src/tests/register_segment.rs
expression: batch.format_schema_snapshot()
---
property:text_log:TextLog:text: List(Utf8) [
    dalaran:archetype: "dalaran.archetypes.TextLog"
    dalaran:component: "TextLog:text"
    dalaran:component_type: "dalaran.components.Text"
    dalaran:entity_path: "/__properties/text_log"
    dalaran:kind: "data"
]
dalaran_last_updated_at: non-null Timestamp(ns)
dalaran_layer_name: non-null Utf8
dalaran_layer_type: non-null Utf8
dalaran_num_chunks: UInt64
dalaran_registration_status: non-null Utf8
dalaran_registration_time: non-null Timestamp(ns)
dalaran_schema_sha256: FixedSizeBinary(32)
dalaran_segment_id: non-null Utf8
dalaran_size_bytes: UInt64
dalaran_storage_url: non-null Utf8
