---
source: crates/store/dl_redap_tests/src/tests/column_projection.rs
expression: "&all_columns"
---
[
    "dalaran_segment_id",
    "dalaran_layer_names",
    "dalaran_storage_urls",
    "dalaran_last_updated_at",
    "dalaran_num_chunks",
    "dalaran_size_bytes",
    "property:points:Points2D:positions",
    "property:text_log:TextLog:text",
]
